// Jest Snapshot v1, https://goo.gl/fbAQLP

exports[`TableRow snapshot 1`] = `
Array [
  <tr>
    <td
      className="cell"
    >
      testData1
    </td>
    <td
      className="cell"
    >
      testData2
    </td>
  </tr>,
  <tr>
    <td
      className="cell"
    >
      testData3
    </td>
    <td
      className="cell"
    >
      testData4
    </td>
  </tr>,
]
`;
