// Jest Snapshot v1, https://goo.gl/fbAQLP

exports[`Table snapshot 1`] = `
<table
  border={1}
  cellSpacing={0}
>
  <thead>
    <tr>
      <th
        className="head"
      >
        testHeader1
      </th>
      <th
        className="head"
      >
        testHeader2
      </th>
    </tr>
  </thead>
  <tbody>
    <tr>
      <td
        className="cell"
      >
        testData1
      </td>
      <td
        className="cell"
      >
        testData2
      </td>
    </tr>
    <tr>
      <td
        className="cell"
      >
        testData3
      </td>
      <td
        className="cell"
      >
        testData4
      </td>
    </tr>
  </tbody>
</table>
`;
